// Jest Snapshot v1, https://goo.gl/fbAQLP

exports[`Tests for Card Renders correctly 1`] = `
<WithStyles(ForwardRef(Container))>
  <WithStyles(ForwardRef(Grid))
    container={true}
    direction="row"
    spacing={4}
  >
    <WithStyles(ForwardRef(Grid))
      item={true}
      lg={8}
      md={6}
      sm={12}
      xs={12}
    >
      <WithStyles(ForwardRef(Grid))
        container={true}
        direction="row"
        spacing={4}
      />
    </WithStyles(ForwardRef(Grid))>
    <WithStyles(ForwardRef(Grid))
      item={true}
      lg={4}
      md={6}
      sm={12}
      xs={12}
    />
  </WithStyles(ForwardRef(Grid))>
</WithStyles(ForwardRef(Container))>
`;
